H 0.000000 START_TIME 2026-09-30 15:25:22+00:00
H 0.000000 TERM xterm-256color
H 0.000000 TTY /dev/pts/3
H 0.000000 COLUMNS 119
H 0.000000 LINES 40
H 0.000000 SHELL /bin/bash
H 0.000000 COMMAND python3 /var/lib/smarty-org-sandbox/test-org/p108-artifact2.fqes2er7/tui-proof.py attach --root /home/test-org/.herdr-p108-proof.b71l3md6
H 0.000000 TIMING_LOG /home/test-org/.herdr-p108-proof.b71l3md6/evidence/post-timing.log
H 0.000000 OUTPUT_LOG /home/test-org/.herdr-p108-proof.b71l3md6/evidence/post-output.ansi
H 0.000000 INPUT_LOG /home/test-org/.herdr-p108-proof.b71l3md6/evidence/post-input.raw
O 0.218630 61
O 0.074941 8
O 0.000394 61
O 0.000023 12
I 0.000041 14
O 0.000039 101
O 0.000008 24
O 0.000013 5
O 0.000558 2734
I 0.000586 208
I 0.000013 430
I 0.000010 189
I 0.000010 162
I 0.000009 162
I 0.000009 135
I 0.000008 189
I 0.000010 270
I 0.000010 243
I 0.000007 189
I 0.000008 216
I 0.000008 189
I 0.000010 192
I 0.000008 56
I 0.000009 224
I 0.000009 252
I 0.000009 168
I 0.000009 252
I 0.000016 168
I 0.000008 504
I 0.000009 168
I 0.000017 308
I 0.000007 140
I 0.000007 112
I 0.000008 140
I 0.000007 112
I 0.000007 168
I 0.000007 140
I 0.000010 196
I 0.000008 168
I 0.000008 224
I 0.000009 224
I 0.000008 196
I 0.000011 280
I 0.000009 84
O 0.005594 4095
O 0.000021 4095
O 0.000012 1080
O 0.001680 59
O 0.007771 37
O 0.006297 4095
O 0.000012 1461
O 0.009245 55
I 32.298598 190
O 0.006516 331
O 0.017823 257
I 16.139834 108
O 0.001888 196
O 0.104017 39
O 0.008546 852
I 12.997601 9
O 0.002407 11
O 0.001621 520
I 0.139280 14
O 0.002206 10
O 0.001384 170
O 0.026127 4095
O 0.000024 1761
O 0.000687 173
I 0.162053 205
O 0.003112 370
O 0.017921 305
I 17.945378 9
O 0.001394 11
O 0.001185 522
I 0.120674 12
O 0.003066 10
O 0.005630 4095
O 0.000018 4095
O 0.000014 4095
O 0.000014 4095
O 0.000010 1062
I 0.289724 1
O 0.006285 4095
O 0.000028 4095
O 0.000019 4095
O 0.000013 2732
O 0.011567 2038
O 0.007499 166
I 0.060377 201
O 0.003021 360
O 0.015944 281
I 10.164343 108
O 0.001724 196
O 0.104168 37
O 0.007913 1160
I 24.522408 9
O 0.002109 11
O 0.001114 522
I 0.068765 14
O 0.002590 10
O 0.001388 172
O 0.017013 4095
O 0.000030 3808
O 0.007166 173
I 0.093934 186
O 0.002423 315
O 0.131362 782
O 6.309208 94
O 2.001258 268
O 0.016527 177
I 23.604626 9
O 0.001757 11
O 0.000879 522
I 0.085031 12
O 0.004345 10
O 0.007742 4095
O 0.000022 4095
O 0.000018 4095
O 0.000016 4095
O 0.000009 1255
I 0.249696 1
O 0.006145 4095
O 0.000018 4095
O 0.000015 4095
O 0.000012 2848
O 0.012912 3455
O 0.007602 166
I 0.181207 184
O 0.002093 298
O 0.031563 708
O 1.656405 92
O 2.000534 249
O 0.016922 169
I 19.447594 9
O 0.002270 11
O 0.001547 522
I 0.131957 14
O 0.002828 5
O 0.000016 122
O 0.000102 27
H 0.000000 DURATION 171.654050
H 0.000000 EXIT_CODE 0
