H 0.000000 START_TIME 2026-09-30 15:22:32+00:00
H 0.000000 TERM xterm-256color
H 0.000000 TTY /dev/pts/3
H 0.000000 COLUMNS 119
H 0.000000 LINES 40
H 0.000000 SHELL /bin/bash
H 0.000000 COMMAND python3 /var/lib/smarty-org-sandbox/test-org/p108-artifact2.fqes2er7/tui-proof.py attach --root /home/test-org/.herdr-p108-proof.b71l3md6
H 0.000000 TIMING_LOG /home/test-org/.herdr-p108-proof.b71l3md6/evidence/pre-timing.log
H 0.000000 OUTPUT_LOG /home/test-org/.herdr-p108-proof.b71l3md6/evidence/pre-output.ansi
H 0.000000 INPUT_LOG /home/test-org/.herdr-p108-proof.b71l3md6/evidence/pre-input.raw
O 0.211394 61
O 0.052874 8
O 0.000399 61
O 0.000007 5
O 0.000007 7
I 0.000097 14
O 0.000041 101
O 0.000006 24
O 0.000032 5
O 0.000767 2734
I 0.000545 234
I 0.000013 593
I 0.000010 216
I 0.000007 135
I 0.000008 189
I 0.000008 162
I 0.000008 162
I 0.000007 189
I 0.000007 162
I 0.000008 108
I 0.000007 162
I 0.000009 135
I 0.000007 162
I 0.000008 137
I 0.000007 140
I 0.000008 140
I 0.000008 140
I 0.000007 196
I 0.000008 168
I 0.000007 140
I 0.000008 112
I 0.000016 140
I 0.000008 392
I 0.000009 168
I 0.000008 112
I 0.000008 140
I 0.000007 168
I 0.000007 140
I 0.000008 112
I 0.000007 196
I 0.000008 140
I 0.000007 140
I 0.000007 112
I 0.000009 168
I 0.000007 140
I 0.000007 168
I 0.000008 140
I 0.000007 140
I 0.000008 140
I 0.000007 140
I 0.000008 168
I 0.000007 112
O 0.006163 4095
O 0.000026 4095
O 0.000011 1080
O 0.001992 59
O 0.007531 39
O 0.011190 4095
O 0.000031 4095
O 0.000012 3020
O 0.004159 59
I 14.310790 1
O 0.006126 4095
O 0.000022 2352
O 0.006491 4095
O 0.000032 3598
I 0.785699 5
O 0.007752 4095
O 0.000019 3397
I 12.650362 9
O 0.003158 11
O 0.000630 520
I 0.563577 14
O 0.002505 10
O 0.001230 170
O 0.018503 4095
O 0.000023 1761
O 0.009151 173
I 0.375991 203
O 0.006476 316
O 0.017381 529
I 20.139455 9
O 0.001687 11
O 0.000861 522
I 0.198918 12
O 0.003638 10
O 0.006266 4095
O 0.000036 4095
O 0.000017 4095
O 0.000018 4095
O 0.000008 1002
I 0.370257 1
O 0.011999 4095
O 0.000366 4095
O 0.000038 4095
O 0.000017 2676
O 0.014577 2028
O 0.004294 166
I 0.154226 199
O 0.004511 357
O 0.018742 280
I 11.384250 146
O 0.004189 260
O 0.038405 37
O 0.006445 1096
I 10.501586 182
O 0.003441 323
O 0.017121 253
I 23.968997 9
O 0.003167 11
O 0.002146 520
I 0.252112 14
O 0.001862 10
O 0.000912 170
O 0.024439 4095
O 0.000019 2547
O 0.001768 173
I 0.258354 185
O 0.002990 314
O 0.146605 772
O 1.537717 93
O 2.000711 267
O 0.016610 177
I 24.267481 9
O 0.001550 11
O 0.001018 522
I 0.090270 12
O 0.003035 10
O 0.005926 4095
O 0.000030 4095
O 0.000027 4095
O 0.000023 4095
O 0.000010 1068
I 0.477696 1
O 0.010860 4095
O 0.000028 4095
O 0.000021 4095
O 0.000020 2734
O 0.012469 3033
O 0.004072 166
I 0.170875 183
O 0.002137 297
O 0.138479 706
O 2.247437 91
O 2.001714 248
O 0.016325 169
I 22.911394 9
O 0.001381 11
O 0.000838 522
I 0.193010 14
O 0.001606 127
O 0.000010 27
H 0.000000 DURATION 152.739042
H 0.000000 EXIT_CODE 0
